running egg_info
creating ../../build/fire_mapping/fire_mapping.egg-info
writing ../../build/fire_mapping/fire_mapping.egg-info/PKG-INFO
writing dependency_links to ../../build/fire_mapping/fire_mapping.egg-info/dependency_links.txt
writing requirements to ../../build/fire_mapping/fire_mapping.egg-info/requires.txt
writing top-level names to ../../build/fire_mapping/fire_mapping.egg-info/top_level.txt
writing manifest file '../../build/fire_mapping/fire_mapping.egg-info/SOURCES.txt'
reading manifest file '../../build/fire_mapping/fire_mapping.egg-info/SOURCES.txt'
writing manifest file '../../build/fire_mapping/fire_mapping.egg-info/SOURCES.txt'
running build
running build_py
creating /home/armaan/firefighting-robot-simulation-/ros2_ws/build/fire_mapping/build
creating /home/armaan/firefighting-robot-simulation-/ros2_ws/build/fire_mapping/build/lib
creating /home/armaan/firefighting-robot-simulation-/ros2_ws/build/fire_mapping/build/lib/fire_mapping
copying fire_mapping/__init__.py -> /home/armaan/firefighting-robot-simulation-/ros2_ws/build/fire_mapping/build/lib/fire_mapping
running install
running install_lib
creating /home/armaan/firefighting-robot-simulation-/ros2_ws/install/fire_mapping/lib/python3.12/site-packages/fire_mapping
copying /home/armaan/firefighting-robot-simulation-/ros2_ws/build/fire_mapping/build/lib/fire_mapping/__init__.py -> /home/armaan/firefighting-robot-simulation-/ros2_ws/install/fire_mapping/lib/python3.12/site-packages/fire_mapping
byte-compiling /home/armaan/firefighting-robot-simulation-/ros2_ws/install/fire_mapping/lib/python3.12/site-packages/fire_mapping/__init__.py to __init__.cpython-312.pyc
running install_data
creating /home/armaan/firefighting-robot-simulation-/ros2_ws/install/fire_mapping/share/ament_index
creating /home/armaan/firefighting-robot-simulation-/ros2_ws/install/fire_mapping/share/ament_index/resource_index
creating /home/armaan/firefighting-robot-simulation-/ros2_ws/install/fire_mapping/share/ament_index/resource_index/packages
copying resource/fire_mapping -> /home/armaan/firefighting-robot-simulation-/ros2_ws/install/fire_mapping/share/ament_index/resource_index/packages
copying package.xml -> /home/armaan/firefighting-robot-simulation-/ros2_ws/install/fire_mapping/share/fire_mapping
running install_egg_info
Copying ../../build/fire_mapping/fire_mapping.egg-info to /home/armaan/firefighting-robot-simulation-/ros2_ws/install/fire_mapping/lib/python3.12/site-packages/fire_mapping-0.0.0-py3.12.egg-info
running install_scripts
writing list of installed files to '/home/armaan/firefighting-robot-simulation-/ros2_ws/build/fire_mapping/install.log'
