[0.926s] Invoking command in '/home/armaan/firefighting-robot-simulation-/ros2_ws/src/fire_mapping': PYTHONPATH=/home/armaan/firefighting-robot-simulation-/ros2_ws/build/fire_mapping/prefix_override:/usr/lib/python3/dist-packages/colcon_core/task/python/colcon_distutils_commands:/home/armaan/firefighting-robot-simulation-/ros2_ws/install/fire_mapping/lib/python3.12/site-packages:${PYTHONPATH} /usr/bin/python3 -W ignore:setup.py install is deprecated -W ignore:easy_install command is deprecated setup.py egg_info --egg-base ../../build/fire_mapping build --build-base /home/armaan/firefighting-robot-simulation-/ros2_ws/build/fire_mapping/build install --record /home/armaan/firefighting-robot-simulation-/ros2_ws/build/fire_mapping/install.log --single-version-externally-managed install_data
[1.073s] running egg_info
[1.073s] creating ../../build/fire_mapping/fire_mapping.egg-info
[1.084s] writing ../../build/fire_mapping/fire_mapping.egg-info/PKG-INFO
[1.084s] writing dependency_links to ../../build/fire_mapping/fire_mapping.egg-info/dependency_links.txt
[1.084s] writing requirements to ../../build/fire_mapping/fire_mapping.egg-info/requires.txt
[1.084s] writing top-level names to ../../build/fire_mapping/fire_mapping.egg-info/top_level.txt
[1.084s] writing manifest file '../../build/fire_mapping/fire_mapping.egg-info/SOURCES.txt'
[1.105s] reading manifest file '../../build/fire_mapping/fire_mapping.egg-info/SOURCES.txt'
[1.105s] writing manifest file '../../build/fire_mapping/fire_mapping.egg-info/SOURCES.txt'
[1.106s] running build
[1.106s] running build_py
[1.106s] creating /home/armaan/firefighting-robot-simulation-/ros2_ws/build/fire_mapping/build
[1.106s] creating /home/armaan/firefighting-robot-simulation-/ros2_ws/build/fire_mapping/build/lib
[1.106s] creating /home/armaan/firefighting-robot-simulation-/ros2_ws/build/fire_mapping/build/lib/fire_mapping
[1.106s] copying fire_mapping/__init__.py -> /home/armaan/firefighting-robot-simulation-/ros2_ws/build/fire_mapping/build/lib/fire_mapping
[1.106s] running install
[1.110s] running install_lib
[1.121s] creating /home/armaan/firefighting-robot-simulation-/ros2_ws/install/fire_mapping/lib/python3.12/site-packages/fire_mapping
[1.121s] copying /home/armaan/firefighting-robot-simulation-/ros2_ws/build/fire_mapping/build/lib/fire_mapping/__init__.py -> /home/armaan/firefighting-robot-simulation-/ros2_ws/install/fire_mapping/lib/python3.12/site-packages/fire_mapping
[1.121s] byte-compiling /home/armaan/firefighting-robot-simulation-/ros2_ws/install/fire_mapping/lib/python3.12/site-packages/fire_mapping/__init__.py to __init__.cpython-312.pyc
[1.122s] running install_data
[1.122s] creating /home/armaan/firefighting-robot-simulation-/ros2_ws/install/fire_mapping/share/ament_index
[1.122s] creating /home/armaan/firefighting-robot-simulation-/ros2_ws/install/fire_mapping/share/ament_index/resource_index
[1.123s] creating /home/armaan/firefighting-robot-simulation-/ros2_ws/install/fire_mapping/share/ament_index/resource_index/packages
[1.123s] copying resource/fire_mapping -> /home/armaan/firefighting-robot-simulation-/ros2_ws/install/fire_mapping/share/ament_index/resource_index/packages
[1.123s] copying package.xml -> /home/armaan/firefighting-robot-simulation-/ros2_ws/install/fire_mapping/share/fire_mapping
[1.123s] running install_egg_info
[1.134s] Copying ../../build/fire_mapping/fire_mapping.egg-info to /home/armaan/firefighting-robot-simulation-/ros2_ws/install/fire_mapping/lib/python3.12/site-packages/fire_mapping-0.0.0-py3.12.egg-info
[1.134s] running install_scripts
[1.205s] writing list of installed files to '/home/armaan/firefighting-robot-simulation-/ros2_ws/build/fire_mapping/install.log'
[1.243s] Invoked command in '/home/armaan/firefighting-robot-simulation-/ros2_ws/src/fire_mapping' returned '0': PYTHONPATH=/home/armaan/firefighting-robot-simulation-/ros2_ws/build/fire_mapping/prefix_override:/usr/lib/python3/dist-packages/colcon_core/task/python/colcon_distutils_commands:/home/armaan/firefighting-robot-simulation-/ros2_ws/install/fire_mapping/lib/python3.12/site-packages:${PYTHONPATH} /usr/bin/python3 -W ignore:setup.py install is deprecated -W ignore:easy_install command is deprecated setup.py egg_info --egg-base ../../build/fire_mapping build --build-base /home/armaan/firefighting-robot-simulation-/ros2_ws/build/fire_mapping/build install --record /home/armaan/firefighting-robot-simulation-/ros2_ws/build/fire_mapping/install.log --single-version-externally-managed install_data
