[0.436s] DEBUG:colcon:Command line arguments: ['/usr/bin/colcon', 'build']
[0.436s] DEBUG:colcon:Parsed command line arguments: Namespace(log_base=None, log_level=None, verb_name='build', build_base='build', install_base='install', merge_install=False, symlink_install=False, test_result_base=None, continue_on_error=False, executor='parallel', parallel_workers=20, event_handlers=None, ignore_user_meta=False, metas=['./colcon.meta'], base_paths=['.'], packages_ignore=None, packages_ignore_regex=None, paths=None, packages_up_to=None, packages_up_to_regex=None, packages_above=None, packages_above_and_dependencies=None, packages_above_depth=None, packages_select_by_dep=None, packages_skip_by_dep=None, packages_skip_up_to=None, packages_select_build_failed=False, packages_skip_build_finished=False, packages_select_test_failures=False, packages_skip_test_passed=False, packages_select=None, packages_skip=None, packages_select_regex=None, packages_skip_regex=None, packages_start=None, packages_end=None, allow_overriding=[], cmake_args=None, cmake_target=None, cmake_target_skip_unavailable=False, cmake_clean_cache=False, cmake_clean_first=False, cmake_force_configure=False, ament_cmake_args=None, catkin_cmake_args=None, catkin_skip_building_tests=False, mixin_files=None, mixin=None, verb_parser=<colcon_mixin.mixin.mixin_argument.MixinArgumentDecorator object at 0x7440e7281eb0>, verb_extension=<colcon_core.verb.build.BuildVerb object at 0x7440e7281be0>, main=<bound method BuildVerb.main of <colcon_core.verb.build.BuildVerb object at 0x7440e7281be0>>, mixin_verb=('build',))
[0.467s] Level 1:colcon.colcon_core.package_discovery:discover_packages(colcon_meta) check parameters
[0.467s] Level 1:colcon.colcon_core.package_discovery:discover_packages(recursive) check parameters
[0.467s] Level 1:colcon.colcon_core.package_discovery:discover_packages(ignore) check parameters
[0.467s] Level 1:colcon.colcon_core.package_discovery:discover_packages(path) check parameters
[0.467s] Level 1:colcon.colcon_core.package_discovery:discover_packages(colcon_meta) discover
[0.467s] Level 1:colcon.colcon_core.package_discovery:discover_packages(recursive) discover
[0.467s] INFO:colcon.colcon_core.package_discovery:Crawling recursively for packages in '/home/armaan/firefighting-robot-simulation-/ros2_ws'
[0.467s] Level 1:colcon.colcon_core.package_identification:_identify(.) by extensions ['ignore', 'ignore_ament_install']
[0.468s] Level 1:colcon.colcon_core.package_identification:_identify(.) by extension 'ignore'
[0.468s] Level 1:colcon.colcon_core.package_identification:_identify(.) by extension 'ignore_ament_install'
[0.468s] Level 1:colcon.colcon_core.package_identification:_identify(.) by extensions ['colcon_pkg']
[0.468s] Level 1:colcon.colcon_core.package_identification:_identify(.) by extension 'colcon_pkg'
[0.468s] Level 1:colcon.colcon_core.package_identification:_identify(.) by extensions ['colcon_meta']
[0.468s] Level 1:colcon.colcon_core.package_identification:_identify(.) by extension 'colcon_meta'
[0.468s] Level 1:colcon.colcon_core.package_identification:_identify(.) by extensions ['ros']
[0.468s] Level 1:colcon.colcon_core.package_identification:_identify(.) by extension 'ros'
[0.485s] Level 1:colcon.colcon_core.package_identification:_identify(.) by extensions ['cmake', 'python']
[0.485s] Level 1:colcon.colcon_core.package_identification:_identify(.) by extension 'cmake'
[0.485s] Level 1:colcon.colcon_core.package_identification:_identify(.) by extension 'python'
[0.485s] Level 1:colcon.colcon_core.package_identification:_identify(.) by extensions ['python_setup_py']
[0.485s] Level 1:colcon.colcon_core.package_identification:_identify(.) by extension 'python_setup_py'
[0.485s] Level 1:colcon.colcon_core.package_identification:_identify(build) by extensions ['ignore', 'ignore_ament_install']
[0.485s] Level 1:colcon.colcon_core.package_identification:_identify(build) by extension 'ignore'
[0.485s] Level 1:colcon.colcon_core.package_identification:_identify(build) ignored
[0.485s] Level 1:colcon.colcon_core.package_identification:_identify(install) by extensions ['ignore', 'ignore_ament_install']
[0.485s] Level 1:colcon.colcon_core.package_identification:_identify(install) by extension 'ignore'
[0.485s] Level 1:colcon.colcon_core.package_identification:_identify(install) ignored
[0.485s] Level 1:colcon.colcon_core.package_identification:_identify(log) by extensions ['ignore', 'ignore_ament_install']
[0.485s] Level 1:colcon.colcon_core.package_identification:_identify(log) by extension 'ignore'
[0.486s] Level 1:colcon.colcon_core.package_identification:_identify(log) ignored
[0.486s] Level 1:colcon.colcon_core.package_identification:_identify(src) by extensions ['ignore', 'ignore_ament_install']
[0.486s] Level 1:colcon.colcon_core.package_identification:_identify(src) by extension 'ignore'
[0.486s] Level 1:colcon.colcon_core.package_identification:_identify(src) by extension 'ignore_ament_install'
[0.486s] Level 1:colcon.colcon_core.package_identification:_identify(src) by extensions ['colcon_pkg']
[0.486s] Level 1:colcon.colcon_core.package_identification:_identify(src) by extension 'colcon_pkg'
[0.486s] Level 1:colcon.colcon_core.package_identification:_identify(src) by extensions ['colcon_meta']
[0.486s] Level 1:colcon.colcon_core.package_identification:_identify(src) by extension 'colcon_meta'
[0.486s] Level 1:colcon.colcon_core.package_identification:_identify(src) by extensions ['ros']
[0.486s] Level 1:colcon.colcon_core.package_identification:_identify(src) by extension 'ros'
[0.486s] Level 1:colcon.colcon_core.package_identification:_identify(src) by extensions ['cmake', 'python']
[0.486s] Level 1:colcon.colcon_core.package_identification:_identify(src) by extension 'cmake'
[0.486s] Level 1:colcon.colcon_core.package_identification:_identify(src) by extension 'python'
[0.486s] Level 1:colcon.colcon_core.package_identification:_identify(src) by extensions ['python_setup_py']
[0.486s] Level 1:colcon.colcon_core.package_identification:_identify(src) by extension 'python_setup_py'
[0.486s] Level 1:colcon.colcon_core.package_identification:_identify(src/evacuation_navigation) by extensions ['ignore', 'ignore_ament_install']
[0.486s] Level 1:colcon.colcon_core.package_identification:_identify(src/evacuation_navigation) by extension 'ignore'
[0.486s] Level 1:colcon.colcon_core.package_identification:_identify(src/evacuation_navigation) by extension 'ignore_ament_install'
[0.486s] Level 1:colcon.colcon_core.package_identification:_identify(src/evacuation_navigation) by extensions ['colcon_pkg']
[0.486s] Level 1:colcon.colcon_core.package_identification:_identify(src/evacuation_navigation) by extension 'colcon_pkg'
[0.486s] Level 1:colcon.colcon_core.package_identification:_identify(src/evacuation_navigation) by extensions ['colcon_meta']
[0.486s] Level 1:colcon.colcon_core.package_identification:_identify(src/evacuation_navigation) by extension 'colcon_meta'
[0.486s] Level 1:colcon.colcon_core.package_identification:_identify(src/evacuation_navigation) by extensions ['ros']
[0.486s] Level 1:colcon.colcon_core.package_identification:_identify(src/evacuation_navigation) by extension 'ros'
[0.489s] DEBUG:colcon.colcon_core.package_identification:Package 'src/evacuation_navigation' with type 'ros.ament_python' and name 'evacuation_navigation'
[0.489s] Level 1:colcon.colcon_core.package_identification:_identify(src/fire_detection) by extensions ['ignore', 'ignore_ament_install']
[0.489s] Level 1:colcon.colcon_core.package_identification:_identify(src/fire_detection) by extension 'ignore'
[0.489s] Level 1:colcon.colcon_core.package_identification:_identify(src/fire_detection) by extension 'ignore_ament_install'
[0.489s] Level 1:colcon.colcon_core.package_identification:_identify(src/fire_detection) by extensions ['colcon_pkg']
[0.489s] Level 1:colcon.colcon_core.package_identification:_identify(src/fire_detection) by extension 'colcon_pkg'
[0.489s] Level 1:colcon.colcon_core.package_identification:_identify(src/fire_detection) by extensions ['colcon_meta']
[0.489s] Level 1:colcon.colcon_core.package_identification:_identify(src/fire_detection) by extension 'colcon_meta'
[0.489s] Level 1:colcon.colcon_core.package_identification:_identify(src/fire_detection) by extensions ['ros']
[0.490s] Level 1:colcon.colcon_core.package_identification:_identify(src/fire_detection) by extension 'ros'
[0.490s] DEBUG:colcon.colcon_core.package_identification:Package 'src/fire_detection' with type 'ros.ament_python' and name 'fire_detection'
[0.490s] Level 1:colcon.colcon_core.package_identification:_identify(src/fire_mapping) by extensions ['ignore', 'ignore_ament_install']
[0.490s] Level 1:colcon.colcon_core.package_identification:_identify(src/fire_mapping) by extension 'ignore'
[0.490s] Level 1:colcon.colcon_core.package_identification:_identify(src/fire_mapping) by extension 'ignore_ament_install'
[0.490s] Level 1:colcon.colcon_core.package_identification:_identify(src/fire_mapping) by extensions ['colcon_pkg']
[0.490s] Level 1:colcon.colcon_core.package_identification:_identify(src/fire_mapping) by extension 'colcon_pkg'
[0.490s] Level 1:colcon.colcon_core.package_identification:_identify(src/fire_mapping) by extensions ['colcon_meta']
[0.490s] Level 1:colcon.colcon_core.package_identification:_identify(src/fire_mapping) by extension 'colcon_meta'
[0.490s] Level 1:colcon.colcon_core.package_identification:_identify(src/fire_mapping) by extensions ['ros']
[0.490s] Level 1:colcon.colcon_core.package_identification:_identify(src/fire_mapping) by extension 'ros'
[0.490s] DEBUG:colcon.colcon_core.package_identification:Package 'src/fire_mapping' with type 'ros.ament_python' and name 'fire_mapping'
[0.490s] Level 1:colcon.colcon_core.package_discovery:discover_packages(recursive) using defaults
[0.490s] Level 1:colcon.colcon_core.package_discovery:discover_packages(ignore) discover
[0.490s] Level 1:colcon.colcon_core.package_discovery:discover_packages(ignore) using defaults
[0.490s] Level 1:colcon.colcon_core.package_discovery:discover_packages(path) discover
[0.490s] Level 1:colcon.colcon_core.package_discovery:discover_packages(path) using defaults
[0.510s] Level 1:colcon.colcon_core.package_discovery:discover_packages(prefix_path) check parameters
[0.510s] Level 1:colcon.colcon_core.package_discovery:discover_packages(prefix_path) discover
[0.513s] DEBUG:colcon.colcon_installed_package_information.package_discovery:Found 357 installed packages in /opt/ros/jazzy
[0.514s] Level 1:colcon.colcon_core.package_discovery:discover_packages(prefix_path) using defaults
[0.543s] Level 5:colcon.colcon_core.verb:set package 'evacuation_navigation' build argument 'cmake_args' from command line to 'None'
[0.543s] Level 5:colcon.colcon_core.verb:set package 'evacuation_navigation' build argument 'cmake_target' from command line to 'None'
[0.543s] Level 5:colcon.colcon_core.verb:set package 'evacuation_navigation' build argument 'cmake_target_skip_unavailable' from command line to 'False'
[0.543s] Level 5:colcon.colcon_core.verb:set package 'evacuation_navigation' build argument 'cmake_clean_cache' from command line to 'False'
[0.543s] Level 5:colcon.colcon_core.verb:set package 'evacuation_navigation' build argument 'cmake_clean_first' from command line to 'False'
[0.543s] Level 5:colcon.colcon_core.verb:set package 'evacuation_navigation' build argument 'cmake_force_configure' from command line to 'False'
[0.543s] Level 5:colcon.colcon_core.verb:set package 'evacuation_navigation' build argument 'ament_cmake_args' from command line to 'None'
[0.543s] Level 5:colcon.colcon_core.verb:set package 'evacuation_navigation' build argument 'catkin_cmake_args' from command line to 'None'
[0.543s] Level 5:colcon.colcon_core.verb:set package 'evacuation_navigation' build argument 'catkin_skip_building_tests' from command line to 'False'
[0.543s] DEBUG:colcon.colcon_core.verb:Building package 'evacuation_navigation' with the following arguments: {'ament_cmake_args': None, 'build_base': '/home/armaan/firefighting-robot-simulation-/ros2_ws/build/evacuation_navigation', 'catkin_cmake_args': None, 'catkin_skip_building_tests': False, 'cmake_args': None, 'cmake_clean_cache': False, 'cmake_clean_first': False, 'cmake_force_configure': False, 'cmake_target': None, 'cmake_target_skip_unavailable': False, 'install_base': '/home/armaan/firefighting-robot-simulation-/ros2_ws/install/evacuation_navigation', 'merge_install': False, 'path': '/home/armaan/firefighting-robot-simulation-/ros2_ws/src/evacuation_navigation', 'symlink_install': False, 'test_result_base': None}
[0.543s] Level 5:colcon.colcon_core.verb:set package 'fire_detection' build argument 'cmake_args' from command line to 'None'
[0.543s] Level 5:colcon.colcon_core.verb:set package 'fire_detection' build argument 'cmake_target' from command line to 'None'
[0.543s] Level 5:colcon.colcon_core.verb:set package 'fire_detection' build argument 'cmake_target_skip_unavailable' from command line to 'False'
[0.543s] Level 5:colcon.colcon_core.verb:set package 'fire_detection' build argument 'cmake_clean_cache' from command line to 'False'
[0.543s] Level 5:colcon.colcon_core.verb:set package 'fire_detection' build argument 'cmake_clean_first' from command line to 'False'
[0.543s] Level 5:colcon.colcon_core.verb:set package 'fire_detection' build argument 'cmake_force_configure' from command line to 'False'
[0.543s] Level 5:colcon.colcon_core.verb:set package 'fire_detection' build argument 'ament_cmake_args' from command line to 'None'
[0.543s] Level 5:colcon.colcon_core.verb:set package 'fire_detection' build argument 'catkin_cmake_args' from command line to 'None'
[0.543s] Level 5:colcon.colcon_core.verb:set package 'fire_detection' build argument 'catkin_skip_building_tests' from command line to 'False'
[0.543s] DEBUG:colcon.colcon_core.verb:Building package 'fire_detection' with the following arguments: {'ament_cmake_args': None, 'build_base': '/home/armaan/firefighting-robot-simulation-/ros2_ws/build/fire_detection', 'catkin_cmake_args': None, 'catkin_skip_building_tests': False, 'cmake_args': None, 'cmake_clean_cache': False, 'cmake_clean_first': False, 'cmake_force_configure': False, 'cmake_target': None, 'cmake_target_skip_unavailable': False, 'install_base': '/home/armaan/firefighting-robot-simulation-/ros2_ws/install/fire_detection', 'merge_install': False, 'path': '/home/armaan/firefighting-robot-simulation-/ros2_ws/src/fire_detection', 'symlink_install': False, 'test_result_base': None}
[0.543s] Level 5:colcon.colcon_core.verb:set package 'fire_mapping' build argument 'cmake_args' from command line to 'None'
[0.543s] Level 5:colcon.colcon_core.verb:set package 'fire_mapping' build argument 'cmake_target' from command line to 'None'
[0.543s] Level 5:colcon.colcon_core.verb:set package 'fire_mapping' build argument 'cmake_target_skip_unavailable' from command line to 'False'
[0.543s] Level 5:colcon.colcon_core.verb:set package 'fire_mapping' build argument 'cmake_clean_cache' from command line to 'False'
[0.543s] Level 5:colcon.colcon_core.verb:set package 'fire_mapping' build argument 'cmake_clean_first' from command line to 'False'
[0.543s] Level 5:colcon.colcon_core.verb:set package 'fire_mapping' build argument 'cmake_force_configure' from command line to 'False'
[0.543s] Level 5:colcon.colcon_core.verb:set package 'fire_mapping' build argument 'ament_cmake_args' from command line to 'None'
[0.543s] Level 5:colcon.colcon_core.verb:set package 'fire_mapping' build argument 'catkin_cmake_args' from command line to 'None'
[0.543s] Level 5:colcon.colcon_core.verb:set package 'fire_mapping' build argument 'catkin_skip_building_tests' from command line to 'False'
[0.543s] DEBUG:colcon.colcon_core.verb:Building package 'fire_mapping' with the following arguments: {'ament_cmake_args': None, 'build_base': '/home/armaan/firefighting-robot-simulation-/ros2_ws/build/fire_mapping', 'catkin_cmake_args': None, 'catkin_skip_building_tests': False, 'cmake_args': None, 'cmake_clean_cache': False, 'cmake_clean_first': False, 'cmake_force_configure': False, 'cmake_target': None, 'cmake_target_skip_unavailable': False, 'install_base': '/home/armaan/firefighting-robot-simulation-/ros2_ws/install/fire_mapping', 'merge_install': False, 'path': '/home/armaan/firefighting-robot-simulation-/ros2_ws/src/fire_mapping', 'symlink_install': False, 'test_result_base': None}
[0.544s] INFO:colcon.colcon_core.executor:Executing jobs using 'parallel' executor
[0.544s] DEBUG:colcon.colcon_parallel_executor.executor.parallel:run_until_complete
[0.545s] INFO:colcon.colcon_ros.task.ament_python.build:Building ROS package in '/home/armaan/firefighting-robot-simulation-/ros2_ws/src/evacuation_navigation' with build type 'ament_python'
[0.545s] Level 1:colcon.colcon_core.shell:create_environment_hook('evacuation_navigation', 'ament_prefix_path')
[0.549s] INFO:colcon.colcon_core.plugin_system:Skipping extension 'colcon_core.shell.bat': Not used on non-Windows systems
[0.549s] INFO:colcon.colcon_core.shell:Creating environment hook '/home/armaan/firefighting-robot-simulation-/ros2_ws/install/evacuation_navigation/share/evacuation_navigation/hook/ament_prefix_path.ps1'
[0.550s] INFO:colcon.colcon_core.shell:Creating environment descriptor '/home/armaan/firefighting-robot-simulation-/ros2_ws/install/evacuation_navigation/share/evacuation_navigation/hook/ament_prefix_path.dsv'
[0.551s] INFO:colcon.colcon_core.shell:Creating environment hook '/home/armaan/firefighting-robot-simulation-/ros2_ws/install/evacuation_navigation/share/evacuation_navigation/hook/ament_prefix_path.sh'
[0.552s] INFO:colcon.colcon_core.shell:Skip shell extension 'powershell' for command environment: Not usable outside of PowerShell
[0.552s] DEBUG:colcon.colcon_core.shell:Skip shell extension 'dsv' for command environment
[0.554s] INFO:colcon.colcon_ros.task.ament_python.build:Building ROS package in '/home/armaan/firefighting-robot-simulation-/ros2_ws/src/fire_detection' with build type 'ament_python'
[0.554s] Level 1:colcon.colcon_core.shell:create_environment_hook('fire_detection', 'ament_prefix_path')
[0.554s] INFO:colcon.colcon_core.shell:Creating environment hook '/home/armaan/firefighting-robot-simulation-/ros2_ws/install/fire_detection/share/fire_detection/hook/ament_prefix_path.ps1'
[0.555s] INFO:colcon.colcon_core.shell:Creating environment descriptor '/home/armaan/firefighting-robot-simulation-/ros2_ws/install/fire_detection/share/fire_detection/hook/ament_prefix_path.dsv'
[0.555s] INFO:colcon.colcon_core.shell:Creating environment hook '/home/armaan/firefighting-robot-simulation-/ros2_ws/install/fire_detection/share/fire_detection/hook/ament_prefix_path.sh'
[0.556s] INFO:colcon.colcon_core.shell:Skip shell extension 'powershell' for command environment: Not usable outside of PowerShell
[0.556s] DEBUG:colcon.colcon_core.shell:Skip shell extension 'dsv' for command environment
[0.558s] INFO:colcon.colcon_ros.task.ament_python.build:Building ROS package in '/home/armaan/firefighting-robot-simulation-/ros2_ws/src/fire_mapping' with build type 'ament_python'
[0.558s] Level 1:colcon.colcon_core.shell:create_environment_hook('fire_mapping', 'ament_prefix_path')
[0.558s] INFO:colcon.colcon_core.shell:Creating environment hook '/home/armaan/firefighting-robot-simulation-/ros2_ws/install/fire_mapping/share/fire_mapping/hook/ament_prefix_path.ps1'
[0.559s] INFO:colcon.colcon_core.shell:Creating environment descriptor '/home/armaan/firefighting-robot-simulation-/ros2_ws/install/fire_mapping/share/fire_mapping/hook/ament_prefix_path.dsv'
[0.560s] INFO:colcon.colcon_core.shell:Creating environment hook '/home/armaan/firefighting-robot-simulation-/ros2_ws/install/fire_mapping/share/fire_mapping/hook/ament_prefix_path.sh'
[0.560s] INFO:colcon.colcon_core.shell:Skip shell extension 'powershell' for command environment: Not usable outside of PowerShell
[0.560s] DEBUG:colcon.colcon_core.shell:Skip shell extension 'dsv' for command environment
[0.699s] INFO:colcon.colcon_core.task.python.build:Building Python package in '/home/armaan/firefighting-robot-simulation-/ros2_ws/src/evacuation_navigation'
[0.700s] INFO:colcon.colcon_core.shell:Skip shell extension 'powershell' for command environment: Not usable outside of PowerShell
[0.700s] DEBUG:colcon.colcon_core.shell:Skip shell extension 'dsv' for command environment
[0.838s] INFO:colcon.colcon_core.task.python.build:Building Python package in '/home/armaan/firefighting-robot-simulation-/ros2_ws/src/fire_detection'
[0.838s] INFO:colcon.colcon_core.shell:Skip shell extension 'powershell' for command environment: Not usable outside of PowerShell
[0.838s] DEBUG:colcon.colcon_core.shell:Skip shell extension 'dsv' for command environment
[0.967s] INFO:colcon.colcon_core.task.python.build:Building Python package in '/home/armaan/firefighting-robot-simulation-/ros2_ws/src/fire_mapping'
[0.967s] INFO:colcon.colcon_core.shell:Skip shell extension 'powershell' for command environment: Not usable outside of PowerShell
[0.967s] DEBUG:colcon.colcon_core.shell:Skip shell extension 'dsv' for command environment
[1.485s] DEBUG:colcon.colcon_core.event_handler.log_command:Invoking command in '/home/armaan/firefighting-robot-simulation-/ros2_ws/src/fire_mapping': PYTHONPATH=/home/armaan/firefighting-robot-simulation-/ros2_ws/build/fire_mapping/prefix_override:/usr/lib/python3/dist-packages/colcon_core/task/python/colcon_distutils_commands:/home/armaan/firefighting-robot-simulation-/ros2_ws/install/fire_mapping/lib/python3.12/site-packages:${PYTHONPATH} /usr/bin/python3 -W ignore:setup.py install is deprecated -W ignore:easy_install command is deprecated setup.py egg_info --egg-base ../../build/fire_mapping build --build-base /home/armaan/firefighting-robot-simulation-/ros2_ws/build/fire_mapping/build install --record /home/armaan/firefighting-robot-simulation-/ros2_ws/build/fire_mapping/install.log --single-version-externally-managed install_data
[1.489s] DEBUG:colcon.colcon_core.event_handler.log_command:Invoking command in '/home/armaan/firefighting-robot-simulation-/ros2_ws/src/fire_detection': PYTHONPATH=/home/armaan/firefighting-robot-simulation-/ros2_ws/build/fire_detection/prefix_override:/usr/lib/python3/dist-packages/colcon_core/task/python/colcon_distutils_commands:/home/armaan/firefighting-robot-simulation-/ros2_ws/install/fire_detection/lib/python3.12/site-packages:${PYTHONPATH} /usr/bin/python3 -W ignore:setup.py install is deprecated -W ignore:easy_install command is deprecated setup.py egg_info --egg-base ../../build/fire_detection build --build-base /home/armaan/firefighting-robot-simulation-/ros2_ws/build/fire_detection/build install --record /home/armaan/firefighting-robot-simulation-/ros2_ws/build/fire_detection/install.log --single-version-externally-managed install_data
[1.490s] DEBUG:colcon.colcon_core.event_handler.log_command:Invoking command in '/home/armaan/firefighting-robot-simulation-/ros2_ws/src/evacuation_navigation': PYTHONPATH=/home/armaan/firefighting-robot-simulation-/ros2_ws/build/evacuation_navigation/prefix_override:/usr/lib/python3/dist-packages/colcon_core/task/python/colcon_distutils_commands:/home/armaan/firefighting-robot-simulation-/ros2_ws/install/evacuation_navigation/lib/python3.12/site-packages:${PYTHONPATH} /usr/bin/python3 -W ignore:setup.py install is deprecated -W ignore:easy_install command is deprecated setup.py egg_info --egg-base ../../build/evacuation_navigation build --build-base /home/armaan/firefighting-robot-simulation-/ros2_ws/build/evacuation_navigation/build install --record /home/armaan/firefighting-robot-simulation-/ros2_ws/build/evacuation_navigation/install.log --single-version-externally-managed install_data
[1.784s] DEBUG:colcon.colcon_core.event_handler.log_command:Invoked command in '/home/armaan/firefighting-robot-simulation-/ros2_ws/src/fire_detection' returned '0': PYTHONPATH=/home/armaan/firefighting-robot-simulation-/ros2_ws/build/fire_detection/prefix_override:/usr/lib/python3/dist-packages/colcon_core/task/python/colcon_distutils_commands:/home/armaan/firefighting-robot-simulation-/ros2_ws/install/fire_detection/lib/python3.12/site-packages:${PYTHONPATH} /usr/bin/python3 -W ignore:setup.py install is deprecated -W ignore:easy_install command is deprecated setup.py egg_info --egg-base ../../build/fire_detection build --build-base /home/armaan/firefighting-robot-simulation-/ros2_ws/build/fire_detection/build install --record /home/armaan/firefighting-robot-simulation-/ros2_ws/build/fire_detection/install.log --single-version-externally-managed install_data
[1.790s] Level 1:colcon.colcon_core.environment:checking '/home/armaan/firefighting-robot-simulation-/ros2_ws/install/fire_detection' for CMake module files
[1.790s] Level 1:colcon.colcon_core.environment:checking '/home/armaan/firefighting-robot-simulation-/ros2_ws/install/fire_detection' for CMake config files
[1.790s] Level 1:colcon.colcon_core.environment:checking '/home/armaan/firefighting-robot-simulation-/ros2_ws/install/fire_detection/lib'
[1.790s] Level 1:colcon.colcon_core.environment:checking '/home/armaan/firefighting-robot-simulation-/ros2_ws/install/fire_detection/bin'
[1.791s] Level 1:colcon.colcon_core.environment:checking '/home/armaan/firefighting-robot-simulation-/ros2_ws/install/fire_detection/lib/pkgconfig/fire_detection.pc'
[1.791s] Level 1:colcon.colcon_core.environment:checking '/home/armaan/firefighting-robot-simulation-/ros2_ws/install/fire_detection/lib/python3.12/site-packages'
[1.791s] Level 1:colcon.colcon_core.shell:create_environment_hook('fire_detection', 'pythonpath')
[1.791s] INFO:colcon.colcon_core.shell:Creating environment hook '/home/armaan/firefighting-robot-simulation-/ros2_ws/install/fire_detection/share/fire_detection/hook/pythonpath.ps1'
[1.791s] INFO:colcon.colcon_core.shell:Creating environment descriptor '/home/armaan/firefighting-robot-simulation-/ros2_ws/install/fire_detection/share/fire_detection/hook/pythonpath.dsv'
[1.791s] INFO:colcon.colcon_core.shell:Creating environment hook '/home/armaan/firefighting-robot-simulation-/ros2_ws/install/fire_detection/share/fire_detection/hook/pythonpath.sh'
[1.792s] Level 1:colcon.colcon_core.environment:checking '/home/armaan/firefighting-robot-simulation-/ros2_ws/install/fire_detection/bin'
[1.792s] Level 1:colcon.colcon_core.environment:create_environment_scripts_only(fire_detection)
[1.792s] INFO:colcon.colcon_core.shell:Creating package script '/home/armaan/firefighting-robot-simulation-/ros2_ws/install/fire_detection/share/fire_detection/package.ps1'
[1.793s] INFO:colcon.colcon_core.shell:Creating package descriptor '/home/armaan/firefighting-robot-simulation-/ros2_ws/install/fire_detection/share/fire_detection/package.dsv'
[1.793s] INFO:colcon.colcon_core.shell:Creating package script '/home/armaan/firefighting-robot-simulation-/ros2_ws/install/fire_detection/share/fire_detection/package.sh'
[1.794s] INFO:colcon.colcon_core.shell:Creating package script '/home/armaan/firefighting-robot-simulation-/ros2_ws/install/fire_detection/share/fire_detection/package.bash'
[1.794s] INFO:colcon.colcon_core.shell:Creating package script '/home/armaan/firefighting-robot-simulation-/ros2_ws/install/fire_detection/share/fire_detection/package.zsh'
[1.795s] Level 1:colcon.colcon_core.environment:create_file_with_runtime_dependencies(/home/armaan/firefighting-robot-simulation-/ros2_ws/install/fire_detection/share/colcon-core/packages/fire_detection)
[1.797s] Level 1:colcon.colcon_core.environment:checking '/home/armaan/firefighting-robot-simulation-/ros2_ws/install/evacuation_navigation' for CMake module files
[1.797s] DEBUG:colcon.colcon_core.event_handler.log_command:Invoked command in '/home/armaan/firefighting-robot-simulation-/ros2_ws/src/evacuation_navigation' returned '0': PYTHONPATH=/home/armaan/firefighting-robot-simulation-/ros2_ws/build/evacuation_navigation/prefix_override:/usr/lib/python3/dist-packages/colcon_core/task/python/colcon_distutils_commands:/home/armaan/firefighting-robot-simulation-/ros2_ws/install/evacuation_navigation/lib/python3.12/site-packages:${PYTHONPATH} /usr/bin/python3 -W ignore:setup.py install is deprecated -W ignore:easy_install command is deprecated setup.py egg_info --egg-base ../../build/evacuation_navigation build --build-base /home/armaan/firefighting-robot-simulation-/ros2_ws/build/evacuation_navigation/build install --record /home/armaan/firefighting-robot-simulation-/ros2_ws/build/evacuation_navigation/install.log --single-version-externally-managed install_data
[1.797s] Level 1:colcon.colcon_core.environment:checking '/home/armaan/firefighting-robot-simulation-/ros2_ws/install/evacuation_navigation' for CMake config files
[1.797s] Level 1:colcon.colcon_core.environment:checking '/home/armaan/firefighting-robot-simulation-/ros2_ws/install/evacuation_navigation/lib'
[1.797s] Level 1:colcon.colcon_core.environment:checking '/home/armaan/firefighting-robot-simulation-/ros2_ws/install/evacuation_navigation/bin'
[1.797s] Level 1:colcon.colcon_core.environment:checking '/home/armaan/firefighting-robot-simulation-/ros2_ws/install/evacuation_navigation/lib/pkgconfig/evacuation_navigation.pc'
[1.798s] Level 1:colcon.colcon_core.environment:checking '/home/armaan/firefighting-robot-simulation-/ros2_ws/install/evacuation_navigation/lib/python3.12/site-packages'
[1.798s] Level 1:colcon.colcon_core.shell:create_environment_hook('evacuation_navigation', 'pythonpath')
[1.798s] INFO:colcon.colcon_core.shell:Creating environment hook '/home/armaan/firefighting-robot-simulation-/ros2_ws/install/evacuation_navigation/share/evacuation_navigation/hook/pythonpath.ps1'
[1.798s] INFO:colcon.colcon_core.shell:Creating environment descriptor '/home/armaan/firefighting-robot-simulation-/ros2_ws/install/evacuation_navigation/share/evacuation_navigation/hook/pythonpath.dsv'
[1.798s] INFO:colcon.colcon_core.shell:Creating environment hook '/home/armaan/firefighting-robot-simulation-/ros2_ws/install/evacuation_navigation/share/evacuation_navigation/hook/pythonpath.sh'
[1.798s] Level 1:colcon.colcon_core.environment:checking '/home/armaan/firefighting-robot-simulation-/ros2_ws/install/evacuation_navigation/bin'
[1.798s] Level 1:colcon.colcon_core.environment:create_environment_scripts_only(evacuation_navigation)
[1.799s] INFO:colcon.colcon_core.shell:Creating package script '/home/armaan/firefighting-robot-simulation-/ros2_ws/install/evacuation_navigation/share/evacuation_navigation/package.ps1'
[1.799s] INFO:colcon.colcon_core.shell:Creating package descriptor '/home/armaan/firefighting-robot-simulation-/ros2_ws/install/evacuation_navigation/share/evacuation_navigation/package.dsv'
[1.799s] INFO:colcon.colcon_core.shell:Creating package script '/home/armaan/firefighting-robot-simulation-/ros2_ws/install/evacuation_navigation/share/evacuation_navigation/package.sh'
[1.799s] INFO:colcon.colcon_core.shell:Creating package script '/home/armaan/firefighting-robot-simulation-/ros2_ws/install/evacuation_navigation/share/evacuation_navigation/package.bash'
[1.800s] INFO:colcon.colcon_core.shell:Creating package script '/home/armaan/firefighting-robot-simulation-/ros2_ws/install/evacuation_navigation/share/evacuation_navigation/package.zsh'
[1.800s] Level 1:colcon.colcon_core.environment:create_file_with_runtime_dependencies(/home/armaan/firefighting-robot-simulation-/ros2_ws/install/evacuation_navigation/share/colcon-core/packages/evacuation_navigation)
[1.800s] Level 1:colcon.colcon_core.environment:checking '/home/armaan/firefighting-robot-simulation-/ros2_ws/install/fire_mapping' for CMake module files
[1.801s] Level 1:colcon.colcon_core.environment:checking '/home/armaan/firefighting-robot-simulation-/ros2_ws/install/fire_mapping' for CMake config files
[1.801s] DEBUG:colcon.colcon_core.event_handler.log_command:Invoked command in '/home/armaan/firefighting-robot-simulation-/ros2_ws/src/fire_mapping' returned '0': PYTHONPATH=/home/armaan/firefighting-robot-simulation-/ros2_ws/build/fire_mapping/prefix_override:/usr/lib/python3/dist-packages/colcon_core/task/python/colcon_distutils_commands:/home/armaan/firefighting-robot-simulation-/ros2_ws/install/fire_mapping/lib/python3.12/site-packages:${PYTHONPATH} /usr/bin/python3 -W ignore:setup.py install is deprecated -W ignore:easy_install command is deprecated setup.py egg_info --egg-base ../../build/fire_mapping build --build-base /home/armaan/firefighting-robot-simulation-/ros2_ws/build/fire_mapping/build install --record /home/armaan/firefighting-robot-simulation-/ros2_ws/build/fire_mapping/install.log --single-version-externally-managed install_data
[1.802s] Level 1:colcon.colcon_core.environment:checking '/home/armaan/firefighting-robot-simulation-/ros2_ws/install/fire_mapping/lib'
[1.802s] Level 1:colcon.colcon_core.environment:checking '/home/armaan/firefighting-robot-simulation-/ros2_ws/install/fire_mapping/bin'
[1.802s] Level 1:colcon.colcon_core.environment:checking '/home/armaan/firefighting-robot-simulation-/ros2_ws/install/fire_mapping/lib/pkgconfig/fire_mapping.pc'
[1.802s] Level 1:colcon.colcon_core.environment:checking '/home/armaan/firefighting-robot-simulation-/ros2_ws/install/fire_mapping/lib/python3.12/site-packages'
[1.802s] Level 1:colcon.colcon_core.shell:create_environment_hook('fire_mapping', 'pythonpath')
[1.802s] INFO:colcon.colcon_core.shell:Creating environment hook '/home/armaan/firefighting-robot-simulation-/ros2_ws/install/fire_mapping/share/fire_mapping/hook/pythonpath.ps1'
[1.802s] INFO:colcon.colcon_core.shell:Creating environment descriptor '/home/armaan/firefighting-robot-simulation-/ros2_ws/install/fire_mapping/share/fire_mapping/hook/pythonpath.dsv'
[1.802s] INFO:colcon.colcon_core.shell:Creating environment hook '/home/armaan/firefighting-robot-simulation-/ros2_ws/install/fire_mapping/share/fire_mapping/hook/pythonpath.sh'
[1.803s] Level 1:colcon.colcon_core.environment:checking '/home/armaan/firefighting-robot-simulation-/ros2_ws/install/fire_mapping/bin'
[1.803s] Level 1:colcon.colcon_core.environment:create_environment_scripts_only(fire_mapping)
[1.803s] INFO:colcon.colcon_core.shell:Creating package script '/home/armaan/firefighting-robot-simulation-/ros2_ws/install/fire_mapping/share/fire_mapping/package.ps1'
[1.803s] INFO:colcon.colcon_core.shell:Creating package descriptor '/home/armaan/firefighting-robot-simulation-/ros2_ws/install/fire_mapping/share/fire_mapping/package.dsv'
[1.803s] INFO:colcon.colcon_core.shell:Creating package script '/home/armaan/firefighting-robot-simulation-/ros2_ws/install/fire_mapping/share/fire_mapping/package.sh'
[1.803s] INFO:colcon.colcon_core.shell:Creating package script '/home/armaan/firefighting-robot-simulation-/ros2_ws/install/fire_mapping/share/fire_mapping/package.bash'
[1.804s] INFO:colcon.colcon_core.shell:Creating package script '/home/armaan/firefighting-robot-simulation-/ros2_ws/install/fire_mapping/share/fire_mapping/package.zsh'
[1.804s] Level 1:colcon.colcon_core.environment:create_file_with_runtime_dependencies(/home/armaan/firefighting-robot-simulation-/ros2_ws/install/fire_mapping/share/colcon-core/packages/fire_mapping)
[1.804s] DEBUG:colcon.colcon_parallel_executor.executor.parallel:closing loop
[1.804s] DEBUG:colcon.colcon_parallel_executor.executor.parallel:loop closed
[1.804s] DEBUG:colcon.colcon_parallel_executor.executor.parallel:run_until_complete finished with '0'
[1.805s] DEBUG:colcon.colcon_core.event_reactor:joining thread
[1.846s] INFO:colcon.colcon_core.plugin_system:Skipping extension 'colcon_notification.desktop_notification.notify_send': Could not find 'notify-send'
[1.847s] INFO:colcon.colcon_core.plugin_system:Skipping extension 'colcon_notification.desktop_notification.terminal_notifier': Not used on non-Darwin systems
[1.847s] INFO:colcon.colcon_core.plugin_system:Skipping extension 'colcon_notification.desktop_notification.win32': Not used on non-Windows systems
[1.847s] INFO:colcon.colcon_notification.desktop_notification:Sending desktop notification using 'notify2'
[1.870s] DEBUG:colcon.colcon_notification.desktop_notification.notify2:Failed to initialize notify2: org.freedesktop.DBus.Error.ServiceUnknown: The name org.freedesktop.Notifications was not provided by any .service files
[1.870s] DEBUG:colcon.colcon_core.event_reactor:joined thread
[1.870s] INFO:colcon.colcon_core.shell:Creating prefix script '/home/armaan/firefighting-robot-simulation-/ros2_ws/install/local_setup.ps1'
[1.871s] INFO:colcon.colcon_core.shell:Creating prefix util module '/home/armaan/firefighting-robot-simulation-/ros2_ws/install/_local_setup_util_ps1.py'
[1.872s] INFO:colcon.colcon_core.shell:Creating prefix chain script '/home/armaan/firefighting-robot-simulation-/ros2_ws/install/setup.ps1'
[1.873s] INFO:colcon.colcon_core.shell:Creating prefix script '/home/armaan/firefighting-robot-simulation-/ros2_ws/install/local_setup.sh'
[1.873s] INFO:colcon.colcon_core.shell:Creating prefix util module '/home/armaan/firefighting-robot-simulation-/ros2_ws/install/_local_setup_util_sh.py'
[1.874s] INFO:colcon.colcon_core.shell:Creating prefix chain script '/home/armaan/firefighting-robot-simulation-/ros2_ws/install/setup.sh'
[1.874s] INFO:colcon.colcon_core.shell:Creating prefix script '/home/armaan/firefighting-robot-simulation-/ros2_ws/install/local_setup.bash'
[1.875s] INFO:colcon.colcon_core.shell:Creating prefix chain script '/home/armaan/firefighting-robot-simulation-/ros2_ws/install/setup.bash'
[1.876s] INFO:colcon.colcon_core.shell:Creating prefix script '/home/armaan/firefighting-robot-simulation-/ros2_ws/install/local_setup.zsh'
[1.876s] INFO:colcon.colcon_core.shell:Creating prefix chain script '/home/armaan/firefighting-robot-simulation-/ros2_ws/install/setup.zsh'
