running egg_info
creating ../../build/fire_detection/fire_detection.egg-info
writing ../../build/fire_detection/fire_detection.egg-info/PKG-INFO
writing dependency_links to ../../build/fire_detection/fire_detection.egg-info/dependency_links.txt
writing requirements to ../../build/fire_detection/fire_detection.egg-info/requires.txt
writing top-level names to ../../build/fire_detection/fire_detection.egg-info/top_level.txt
writing manifest file '../../build/fire_detection/fire_detection.egg-info/SOURCES.txt'
reading manifest file '../../build/fire_detection/fire_detection.egg-info/SOURCES.txt'
writing manifest file '../../build/fire_detection/fire_detection.egg-info/SOURCES.txt'
running build
running build_py
creating /home/armaan/firefighting-robot-simulation-/ros2_ws/build/fire_detection/build
creating /home/armaan/firefighting-robot-simulation-/ros2_ws/build/fire_detection/build/lib
creating /home/armaan/firefighting-robot-simulation-/ros2_ws/build/fire_detection/build/lib/fire_detection
copying fire_detection/__init__.py -> /home/armaan/firefighting-robot-simulation-/ros2_ws/build/fire_detection/build/lib/fire_detection
running install
running install_lib
creating /home/armaan/firefighting-robot-simulation-/ros2_ws/install/fire_detection/lib/python3.12/site-packages/fire_detection
copying /home/armaan/firefighting-robot-simulation-/ros2_ws/build/fire_detection/build/lib/fire_detection/__init__.py -> /home/armaan/firefighting-robot-simulation-/ros2_ws/install/fire_detection/lib/python3.12/site-packages/fire_detection
byte-compiling /home/armaan/firefighting-robot-simulation-/ros2_ws/install/fire_detection/lib/python3.12/site-packages/fire_detection/__init__.py to __init__.cpython-312.pyc
running install_data
creating /home/armaan/firefighting-robot-simulation-/ros2_ws/install/fire_detection/share/ament_index
creating /home/armaan/firefighting-robot-simulation-/ros2_ws/install/fire_detection/share/ament_index/resource_index
creating /home/armaan/firefighting-robot-simulation-/ros2_ws/install/fire_detection/share/ament_index/resource_index/packages
copying resource/fire_detection -> /home/armaan/firefighting-robot-simulation-/ros2_ws/install/fire_detection/share/ament_index/resource_index/packages
copying package.xml -> /home/armaan/firefighting-robot-simulation-/ros2_ws/install/fire_detection/share/fire_detection
running install_egg_info
Copying ../../build/fire_detection/fire_detection.egg-info to /home/armaan/firefighting-robot-simulation-/ros2_ws/install/fire_detection/lib/python3.12/site-packages/fire_detection-0.0.0-py3.12.egg-info
running install_scripts
writing list of installed files to '/home/armaan/firefighting-robot-simulation-/ros2_ws/build/fire_detection/install.log'
