[0.934s] Invoking command in '/home/armaan/firefighting-robot-simulation-/ros2_ws/src/fire_detection': PYTHONPATH=/home/armaan/firefighting-robot-simulation-/ros2_ws/build/fire_detection/prefix_override:/usr/lib/python3/dist-packages/colcon_core/task/python/colcon_distutils_commands:/home/armaan/firefighting-robot-simulation-/ros2_ws/install/fire_detection/lib/python3.12/site-packages:${PYTHONPATH} /usr/bin/python3 -W ignore:setup.py install is deprecated -W ignore:easy_install command is deprecated setup.py egg_info --egg-base ../../build/fire_detection build --build-base /home/armaan/firefighting-robot-simulation-/ros2_ws/build/fire_detection/build install --record /home/armaan/firefighting-robot-simulation-/ros2_ws/build/fire_detection/install.log --single-version-externally-managed install_data
[1.078s] running egg_info
[1.078s] creating ../../build/fire_detection/fire_detection.egg-info
[1.088s] writing ../../build/fire_detection/fire_detection.egg-info/PKG-INFO
[1.089s] writing dependency_links to ../../build/fire_detection/fire_detection.egg-info/dependency_links.txt
[1.089s] writing requirements to ../../build/fire_detection/fire_detection.egg-info/requires.txt
[1.089s] writing top-level names to ../../build/fire_detection/fire_detection.egg-info/top_level.txt
[1.089s] writing manifest file '../../build/fire_detection/fire_detection.egg-info/SOURCES.txt'
[1.109s] reading manifest file '../../build/fire_detection/fire_detection.egg-info/SOURCES.txt'
[1.109s] writing manifest file '../../build/fire_detection/fire_detection.egg-info/SOURCES.txt'
[1.109s] running build
[1.109s] running build_py
[1.110s] creating /home/armaan/firefighting-robot-simulation-/ros2_ws/build/fire_detection/build
[1.110s] creating /home/armaan/firefighting-robot-simulation-/ros2_ws/build/fire_detection/build/lib
[1.110s] creating /home/armaan/firefighting-robot-simulation-/ros2_ws/build/fire_detection/build/lib/fire_detection
[1.110s] copying fire_detection/__init__.py -> /home/armaan/firefighting-robot-simulation-/ros2_ws/build/fire_detection/build/lib/fire_detection
[1.110s] running install
[1.115s] running install_lib
[1.125s] creating /home/armaan/firefighting-robot-simulation-/ros2_ws/install/fire_detection/lib/python3.12/site-packages/fire_detection
[1.125s] copying /home/armaan/firefighting-robot-simulation-/ros2_ws/build/fire_detection/build/lib/fire_detection/__init__.py -> /home/armaan/firefighting-robot-simulation-/ros2_ws/install/fire_detection/lib/python3.12/site-packages/fire_detection
[1.126s] byte-compiling /home/armaan/firefighting-robot-simulation-/ros2_ws/install/fire_detection/lib/python3.12/site-packages/fire_detection/__init__.py to __init__.cpython-312.pyc
[1.126s] running install_data
[1.126s] creating /home/armaan/firefighting-robot-simulation-/ros2_ws/install/fire_detection/share/ament_index
[1.127s] creating /home/armaan/firefighting-robot-simulation-/ros2_ws/install/fire_detection/share/ament_index/resource_index
[1.127s] creating /home/armaan/firefighting-robot-simulation-/ros2_ws/install/fire_detection/share/ament_index/resource_index/packages
[1.127s] copying resource/fire_detection -> /home/armaan/firefighting-robot-simulation-/ros2_ws/install/fire_detection/share/ament_index/resource_index/packages
[1.127s] copying package.xml -> /home/armaan/firefighting-robot-simulation-/ros2_ws/install/fire_detection/share/fire_detection
[1.127s] running install_egg_info
[1.138s] Copying ../../build/fire_detection/fire_detection.egg-info to /home/armaan/firefighting-robot-simulation-/ros2_ws/install/fire_detection/lib/python3.12/site-packages/fire_detection-0.0.0-py3.12.egg-info
[1.139s] running install_scripts
[1.209s] writing list of installed files to '/home/armaan/firefighting-robot-simulation-/ros2_ws/build/fire_detection/install.log'
[1.229s] Invoked command in '/home/armaan/firefighting-robot-simulation-/ros2_ws/src/fire_detection' returned '0': PYTHONPATH=/home/armaan/firefighting-robot-simulation-/ros2_ws/build/fire_detection/prefix_override:/usr/lib/python3/dist-packages/colcon_core/task/python/colcon_distutils_commands:/home/armaan/firefighting-robot-simulation-/ros2_ws/install/fire_detection/lib/python3.12/site-packages:${PYTHONPATH} /usr/bin/python3 -W ignore:setup.py install is deprecated -W ignore:easy_install command is deprecated setup.py egg_info --egg-base ../../build/fire_detection build --build-base /home/armaan/firefighting-robot-simulation-/ros2_ws/build/fire_detection/build install --record /home/armaan/firefighting-robot-simulation-/ros2_ws/build/fire_detection/install.log --single-version-externally-managed install_data
