running egg_info
creating ../../build/evacuation_navigation/evacuation_navigation.egg-info
writing ../../build/evacuation_navigation/evacuation_navigation.egg-info/PKG-INFO
writing dependency_links to ../../build/evacuation_navigation/evacuation_navigation.egg-info/dependency_links.txt
writing requirements to ../../build/evacuation_navigation/evacuation_navigation.egg-info/requires.txt
writing top-level names to ../../build/evacuation_navigation/evacuation_navigation.egg-info/top_level.txt
writing manifest file '../../build/evacuation_navigation/evacuation_navigation.egg-info/SOURCES.txt'
reading manifest file '../../build/evacuation_navigation/evacuation_navigation.egg-info/SOURCES.txt'
writing manifest file '../../build/evacuation_navigation/evacuation_navigation.egg-info/SOURCES.txt'
running build
running build_py
creating /home/armaan/firefighting-robot-simulation-/ros2_ws/build/evacuation_navigation/build
creating /home/armaan/firefighting-robot-simulation-/ros2_ws/build/evacuation_navigation/build/lib
creating /home/armaan/firefighting-robot-simulation-/ros2_ws/build/evacuation_navigation/build/lib/evacuation_navigation
copying evacuation_navigation/__init__.py -> /home/armaan/firefighting-robot-simulation-/ros2_ws/build/evacuation_navigation/build/lib/evacuation_navigation
running install
running install_lib
creating /home/armaan/firefighting-robot-simulation-/ros2_ws/install/evacuation_navigation/lib/python3.12/site-packages/evacuation_navigation
copying /home/armaan/firefighting-robot-simulation-/ros2_ws/build/evacuation_navigation/build/lib/evacuation_navigation/__init__.py -> /home/armaan/firefighting-robot-simulation-/ros2_ws/install/evacuation_navigation/lib/python3.12/site-packages/evacuation_navigation
byte-compiling /home/armaan/firefighting-robot-simulation-/ros2_ws/install/evacuation_navigation/lib/python3.12/site-packages/evacuation_navigation/__init__.py to __init__.cpython-312.pyc
running install_data
creating /home/armaan/firefighting-robot-simulation-/ros2_ws/install/evacuation_navigation/share/ament_index
creating /home/armaan/firefighting-robot-simulation-/ros2_ws/install/evacuation_navigation/share/ament_index/resource_index
creating /home/armaan/firefighting-robot-simulation-/ros2_ws/install/evacuation_navigation/share/ament_index/resource_index/packages
copying resource/evacuation_navigation -> /home/armaan/firefighting-robot-simulation-/ros2_ws/install/evacuation_navigation/share/ament_index/resource_index/packages
copying package.xml -> /home/armaan/firefighting-robot-simulation-/ros2_ws/install/evacuation_navigation/share/evacuation_navigation
running install_egg_info
Copying ../../build/evacuation_navigation/evacuation_navigation.egg-info to /home/armaan/firefighting-robot-simulation-/ros2_ws/install/evacuation_navigation/lib/python3.12/site-packages/evacuation_navigation-0.0.0-py3.12.egg-info
running install_scripts
writing list of installed files to '/home/armaan/firefighting-robot-simulation-/ros2_ws/build/evacuation_navigation/install.log'
